// Jest Snapshot v1, https://goo.gl/fbAQLP

exports[`Pruebas en el Navbar Component debe mostrar el componente correctamente 1`] = `
<nav class="navbar bg-primary">
  <router-link-stub to="[object Object]" replace="false" custom="false" ariacurrentvalue="page" class="navbar-brand text-white"></router-link-stub>
  <div class="d-flex"><button class="btn btn-outline-info mx-2"><i class="fa fa-sign-out-alt"></i></button></div>
</nav>
`;
